// Jest Snapshot v1, https://goo.gl/fbAQLP

exports[`model evolve produces the expected output in the default scenario after 5 evolutions 1`] = `
Object {
  "cumulative": Object {
    "critical": Object {
      "0-9": 0,
      "10-19": 0,
      "20-29": 0,
      "30-39": 0,
      "40-49": 0,
      "50-59": 0.02018646950213547,
      "60-69": 0,
      "70-79": 0,
      "80+": 0,
    },
    "fatality": Object {
      "0-9": 0,
      "10-19": 0,
      "20-29": 0,
      "30-39": 0,
      "40-49": 0,
      "50-59": 0.0001450844569155264,
      "60-69": 0,
      "70-79": 0,
      "80+": 0,
    },
    "hospitalized": Object {
      "0-9": 2.3528344669060415e-7,
      "10-19": 6.659848850038048e-7,
      "20-29": 0.0000016581738039417507,
      "30-39": 0.00000291613242333308,
      "40-49": 0.000007441030932358732,
      "50-59": 0.7064185978419073,
      "60-69": 0.00003897512375721331,
      "70-79": 0.00005599687897778693,
      "80+": 0.0000611421008553007,
    },
    "recovered": Object {
      "0-9": 0.0004703316099345177,
      "10-19": 0.00044332393845086614,
      "20-29": 0.0005510664275099751,
      "30-39": 0.0006451132949840181,
      "40-49": 0.0006126448800975356,
      "50-59": 27.610884724340792,
      "60-69": 0.0004806931930056309,
      "70-79": 0.0003439808280064055,
      "80+": 0.00018342630256590212,
    },
  },
  "current": Object {
    "critical": Object {
      "0-9": 0,
      "10-19": 0,
      "20-29": 0,
      "30-39": 0,
      "40-49": 0,
      "50-59": 0.019823758359846656,
      "60-69": 0,
      "70-79": 0,
      "80+": 0,
    },
    "exposed": Object {
      "0-9": Array [
        6.590001975717847,
        1.8985981171330066,
        0.30181602536614993,
      ],
      "10-19": Array [
        6.217771457685203,
        1.7913622099584854,
        0.28476940256132427,
      ],
      "20-29": Array [
        7.740682663997832,
        2.2300977698967963,
        0.3545124559693652,
      ],
      "30-39": Array [
        9.075498661730135,
        2.6146449724862797,
        0.4156415244494359,
      ],
      "40-49": Array [
        8.684128631245459,
        2.5018951622832812,
        0.3977183908975536,
      ],
      "50-59": Array [
        31.811065284155312,
        44.32146633752035,
        48.824328815521056,
      ],
      "60-69": Array [
        7.277704457615031,
        2.0967183569838057,
        0.33330996324315043,
      ],
      "70-79": Array [
        5.60134716009214,
        1.613776505524084,
        0.25653971160439676,
      ],
      "80+": Array [
        3.4247226060643854,
        0.9867126369752011,
        0.15685928250809378,
      ],
    },
    "infectious": Object {
      "0-9": 0.025390342892641898,
      "10-19": 0.023956315474252338,
      "20-29": 0.029823369140801827,
      "30-39": 0.03496578129273958,
      "40-49": 0.03345801842198601,
      "50-59": 72.84207071259213,
      "60-69": 0.028039733974134673,
      "70-79": 0.021581525387770334,
      "80+": 0.013196024632719325,
    },
    "overflow": Object {
      "0-9": 0,
      "10-19": 0,
      "20-29": 0,
      "30-39": 0,
      "40-49": 0,
      "50-59": 0,
      "60-69": 0,
      "70-79": 0,
      "80+": 0,
    },
    "severe": Object {
      "0-9": 2.3528344669060415e-7,
      "10-19": 6.659848850038048e-7,
      "20-29": 0.0000016581738039417507,
      "30-39": 0.00000291613242333308,
      "40-49": 0.000007441030932358732,
      "50-59": 0.6258903465187388,
      "60-69": 0.00003897512375721331,
      "70-79": 0.00005599687897778693,
      "80+": 0.0000611421008553007,
    },
    "susceptible": Object {
      "0-9": 19930.183722971997,
      "10-19": 18802.681696624397,
      "20-29": 23415.644331016396,
      "30-39": 27458.858601030617,
      "40-49": 26273.382179711243,
      "50-59": 29528.94432493654,
      "60-69": 22013.263707819864,
      "70-79": 16935.506355119684,
      "80+": 10342.418264881415,
    },
  },
  "time": 1583157600000,
}
`;

exports[`model getPopulationParams produces the expected output in the default scenario 1`] = `
Object {
  "ICUBeds": 80,
  "ageDistribution": Object {
    "0-9": 0.10225114395521838,
    "10-19": 0.0964647560575147,
    "20-29": 0.12013546056661978,
    "30-39": 0.14087582334618426,
    "40-49": 0.13479387083572222,
    "50-59": 0.15259164409491252,
    "60-69": 0.11293803472872646,
    "70-79": 0.08688929452955889,
    "80+": 0.053059971885542775,
  },
  "frac": Object {
    "critical": Object {
      "0-9": 0.000025,
      "10-19": 0.00015000000000000001,
      "20-29": 0.00030000000000000003,
      "30-39": 0.0006749999999999999,
      "40-49": 0.0024000000000000002,
      "50-59": 0.00625,
      "60-69": 0.02625,
      "70-79": 0.063,
      "80+": 0.1375,
    },
    "fatal": Object {
      "0-9": 0.0000075,
      "10-19": 0.000045,
      "20-29": 0.00009,
      "30-39": 0.00020249999999999996,
      "40-49": 0.00072,
      "50-59": 0.0025000000000000005,
      "60-69": 0.0105,
      "70-79": 0.0315,
      "80+": 0.06875,
    },
    "isolated": Object {
      "0-9": 0,
      "10-19": 0,
      "20-29": 0,
      "30-39": 0,
      "40-49": 0,
      "50-59": 0,
      "60-69": 0,
      "70-79": 0,
      "80+": 0,
      "total": 0,
    },
    "severe": Object {
      "0-9": 0.0005,
      "10-19": 0.0015,
      "20-29": 0.003,
      "30-39": 0.0045,
      "40-49": 0.012,
      "50-59": 0.025,
      "60-69": 0.075,
      "70-79": 0.13999999999999999,
      "80+": 0.25,
    },
  },
  "hospitalBeds": 698,
  "importsPerDay": Object {
    "0-9": 0.011111111111111112,
    "10-19": 0.011111111111111112,
    "20-29": 0.011111111111111112,
    "30-39": 0.011111111111111112,
    "40-49": 0.011111111111111112,
    "50-59": 0.011111111111111112,
    "60-69": 0.011111111111111112,
    "70-79": 0.011111111111111112,
    "80+": 0.011111111111111112,
    "total": 0.1,
  },
  "numberStochasticRuns": 0,
  "populationServed": 195000,
  "rate": Object {
    "critical": Object {
      "0-9": 0.0125,
      "10-19": 0.025,
      "20-29": 0.025,
      "30-39": 0.0375,
      "40-49": 0.05,
      "50-59": 0.0625,
      "60-69": 0.0875,
      "70-79": 0.1125,
      "80+": 0.1375,
      "total": 0.05520552919584472,
    },
    "discharge": Object {
      "0-9": 0.2375,
      "10-19": 0.225,
      "20-29": 0.225,
      "30-39": 0.2125,
      "40-49": 0.2,
      "50-59": 0.1875,
      "60-69": 0.1625,
      "70-79": 0.1375,
      "80+": 0.11249999999999999,
      "total": 0.1947944708041553,
    },
    "fatality": Object {
      "0-9": 0.02142857142857143,
      "10-19": 0.02142857142857143,
      "20-29": 0.02142857142857143,
      "30-39": 0.02142857142857143,
      "40-49": 0.02142857142857143,
      "50-59": 0.028571428571428574,
      "60-69": 0.028571428571428574,
      "70-79": 0.03571428571428571,
      "80+": 0.03571428571428571,
      "total": 0.025324487226098872,
    },
    "infection": [Function],
    "latency": 0.2,
    "overflowFatality": Object {
      "0-9": 0.04285714285714286,
      "10-19": 0.04285714285714286,
      "20-29": 0.04285714285714286,
      "30-39": 0.04285714285714286,
      "40-49": 0.04285714285714286,
      "50-59": 0.05714285714285715,
      "60-69": 0.05714285714285715,
      "70-79": 0.07142857142857142,
      "80+": 0.07142857142857142,
      "total": 0.050648974452197744,
    },
    "recovery": Object {
      "0-9": 0.33316666666666667,
      "10-19": 0.33283333333333337,
      "20-29": 0.3323333333333333,
      "30-39": 0.33183333333333337,
      "40-49": 0.3293333333333333,
      "50-59": 0.325,
      "60-69": 0.30833333333333335,
      "70-79": 0.2866666666666667,
      "80+": 0.25,
      "total": 0.31982588844819954,
    },
    "severe": Object {
      "0-9": 0.00016666666666666666,
      "10-19": 0.0005,
      "20-29": 0.001,
      "30-39": 0.0014999999999999998,
      "40-49": 0.004,
      "50-59": 0.008333333333333333,
      "60-69": 0.024999999999999998,
      "70-79": 0.04666666666666666,
      "80+": 0.08333333333333333,
      "total": 0.013507444885133826,
    },
    "stabilize": Object {
      "0-9": 0.049999999999999996,
      "10-19": 0.049999999999999996,
      "20-29": 0.049999999999999996,
      "30-39": 0.049999999999999996,
      "40-49": 0.049999999999999996,
      "50-59": 0.04285714285714286,
      "60-69": 0.04285714285714286,
      "70-79": 0.03571428571428571,
      "80+": 0.03571428571428571,
      "total": 0.04610408420247255,
    },
  },
  "timeDelta": 21600000,
  "timeDeltaDays": 0.25,
}
`;

exports[`model getPopulationParams produces the expected output in the default scenario 2`] = `1.0282794619390596`;

exports[`model getPopulationParams produces the expected output in the default scenario 3`] = `0.7815218936243379`;

exports[`model getPopulationParams produces the expected output in the default scenario 4`] = `0.6412716928585847`;

exports[`model getPopulationParams produces the expected output in the default scenario 5`] = `0.5119976633870834`;

exports[`model getPopulationParams produces the expected output in the default scenario 6`] = `0.4777650045046975`;

exports[`model getPopulationParams produces the expected output in the default scenario 7`] = `0.45115800505877796`;

exports[`model getPopulationParams produces the expected output in the default scenario 8`] = `0.43543682301649544`;

exports[`model getPopulationParams produces the expected output in the default scenario 9`] = `0.43252777618729166`;

exports[`model getPopulationParams produces the expected output in the default scenario 10`] = `0.44278731033335716`;

exports[`model getPopulationParams produces the expected output in the default scenario 11`] = `0.4649583238392415`;

exports[`model initializePopulation produces the expected output in the default scenario 1`] = `
Object {
  "0-9": 19939,
  "10-19": 18811,
  "20-29": 23426,
  "30-39": 27471,
  "40-49": 26285,
  "50-59": 29542,
  "60-69": 22023,
  "70-79": 16943,
  "80+": 10347,
}
`;
