// Jest Snapshot v1, https://goo.gl/fbAQLP

exports[`model evolve produces correct output for 10 days 1`] = `
Object {
  "cumulative": Object {
    "critical": Array [
      0.00022557140737396636,
      0.0012787144115711316,
      0.003183838401432405,
      0.008410398294746059,
      0.028652959760651776,
      0.9217587220622673,
      0.2633506865255802,
      0.4867356090602858,
      0.6507614033157809,
    ],
    "fatality": Array [
      0.000008661040932724528,
      0.000049080151206733994,
      0.00012220146424743398,
      0.0003226874447001694,
      0.0010989560654547312,
      0.08713414347985174,
      0.013457900108679664,
      0.031087669615630267,
      0.04154501211964636,
    ],
    "hospitalized": Array [
      0.01128474462586532,
      0.03194177264050325,
      0.0795324967157279,
      0.13987296237157062,
      0.3569081902448129,
      5.490424419403363,
      1.8693769961005962,
      2.685637040581435,
      2.9319219308119013,
    ],
    "recovered": Array [
      22.562490363844887,
      21.27408175073247,
      26.45995428747313,
      30.990666488314353,
      29.50005283586553,
      216.89182852291796,
      23.544729464978676,
      17.092383755597737,
      9.328206940603161,
    ],
  },
  "current": Object {
    "critical": Array [
      0.00019670127093155128,
      0.0011151139075486851,
      0.0027765001872742923,
      0.007334773479078828,
      0.02498977287580267,
      0.7039233633626382,
      0.22970593625388108,
      0.42456026982902517,
      0.5676713790764882,
    ],
    "exposed": Array [
      Array [
        26.1743878275881,
        21.364312704594642,
        17.24896816298584,
      ],
      Array [
        24.6946739655864,
        20.156703669053652,
        16.27412953650915,
      ],
      Array [
        30.74864512971563,
        25.097409075987724,
        20.26249856238672,
      ],
      Array [
        36.054888544429105,
        29.42788651283459,
        23.758262963182982,
      ],
      Array [
        34.49909010441671,
        28.158184104898776,
        22.73329965555768,
      ],
      Array [
        38.89489082056056,
        32.50751806405501,
        28.62787917565346,
      ],
      Array [
        28.90818542369758,
        23.595391809264324,
        19.04999980977432,
      ],
      Array [
        22.24422583241341,
        18.15686884778544,
        14.659769116067276,
      ],
      Array [
        13.591572788297185,
        11.09535360095183,
        8.959382963372056,
      ],
    ],
    "infectious": Array [
      20.207924848469567,
      19.06609534176138,
      23.737676169295295,
      27.832268682269223,
      26.63172808390407,
      52.66985936671702,
      22.317475107316945,
      17.175193286326213,
      10.498325000646103,
    ],
    "overflow": Array [
      0,
      0,
      0,
      0,
      0,
      0,
      0,
      0,
      0,
    ],
    "severe": Array [
      0.006793525573895686,
      0.019269148877607643,
      0.047979249451314536,
      0.08455657777756395,
      0.2162076222609483,
      1.9340907463740713,
      1.1371333133333865,
      1.63509002339643,
      1.7902643914483096,
    ],
    "susceptible": Array [
      19831.434917204635,
      18709.513882393418,
      23299.642938824036,
      27322.84381277027,
      26143.235348864157,
      29382.682875796883,
      21904.20392123527,
      16851.580821198968,
      10291.127677923485,
    ],
  },
  "time": 1583913600000,
}
`;

exports[`model getPopulationParams calculates infection rates for 2020-07-01T00:00:00.000Z 1`] = `
Object {
  "ICUBeds": 80,
  "ageDistribution": Object {
    "0-9": 0.10225114395521838,
    "10-19": 0.0964647560575147,
    "20-29": 0.12013546056661978,
    "30-39": 0.14087582334618426,
    "40-49": 0.13479387083572222,
    "50-59": 0.15259164409491252,
    "60-69": 0.11293803472872646,
    "70-79": 0.08688929452955889,
    "80+": 0.053059971885542775,
  },
  "frac": Object {
    "critical": Array [
      0.000025,
      0.00015000000000000001,
      0.00030000000000000003,
      0.0006749999999999999,
      0.0024000000000000002,
      0.00625,
      0.02625,
      0.063,
      0.1375,
    ],
    "fatal": Array [
      0.0000075,
      0.000045,
      0.00009,
      0.00020249999999999996,
      0.00072,
      0.0025000000000000005,
      0.0105,
      0.0315,
      0.06875,
    ],
    "isolated": Array [
      0,
      0,
      0,
      0,
      0,
      0,
      0,
      0,
      0,
    ],
    "severe": Array [
      0.0005,
      0.0015,
      0.003,
      0.0045,
      0.012,
      0.025,
      0.075,
      0.13999999999999999,
      0.25,
    ],
  },
  "hospitalBeds": 698,
  "importsPerDay": Array [
    0.011111111111111112,
    0.011111111111111112,
    0.011111111111111112,
    0.011111111111111112,
    0.011111111111111112,
    0.011111111111111112,
    0.011111111111111112,
    0.011111111111111112,
    0.011111111111111112,
  ],
  "numberStochasticRuns": 0,
  "populationServed": 195000,
  "rate": Object {
    "critical": Array [
      0.0125,
      0.025,
      0.025,
      0.0375,
      0.05,
      0.0625,
      0.0875,
      0.1125,
      0.1375,
    ],
    "discharge": Array [
      0.2375,
      0.225,
      0.225,
      0.2125,
      0.2,
      0.1875,
      0.1625,
      0.1375,
      0.11249999999999999,
    ],
    "fatality": Array [
      0.02142857142857143,
      0.02142857142857143,
      0.02142857142857143,
      0.02142857142857143,
      0.02142857142857143,
      0.028571428571428574,
      0.028571428571428574,
      0.03571428571428571,
      0.03571428571428571,
    ],
    "infection": [Function],
    "latency": 0.2,
    "overflowFatality": Array [
      0.04285714285714286,
      0.04285714285714286,
      0.04285714285714286,
      0.04285714285714286,
      0.04285714285714286,
      0.05714285714285715,
      0.05714285714285715,
      0.07142857142857142,
      0.07142857142857142,
    ],
    "recovery": Array [
      0.33316666666666667,
      0.33283333333333337,
      0.3323333333333333,
      0.33183333333333337,
      0.3293333333333333,
      0.325,
      0.30833333333333335,
      0.2866666666666667,
      0.25,
    ],
    "severe": Array [
      0.00016666666666666666,
      0.0005,
      0.001,
      0.0014999999999999998,
      0.004,
      0.008333333333333333,
      0.024999999999999998,
      0.04666666666666666,
      0.08333333333333333,
    ],
    "stabilize": Array [
      0.049999999999999996,
      0.049999999999999996,
      0.049999999999999996,
      0.049999999999999996,
      0.049999999999999996,
      0.04285714285714286,
      0.04285714285714286,
      0.03571428571428571,
      0.03571428571428571,
    ],
  },
  "timeDelta": 0,
  "timeDeltaDays": 0,
}
`;

exports[`model getPopulationParams calculates infection rates for 2020-12-01T00:00:00.000Z 1`] = `
Object {
  "ICUBeds": 80,
  "ageDistribution": Object {
    "0-9": 0.10225114395521838,
    "10-19": 0.0964647560575147,
    "20-29": 0.12013546056661978,
    "30-39": 0.14087582334618426,
    "40-49": 0.13479387083572222,
    "50-59": 0.15259164409491252,
    "60-69": 0.11293803472872646,
    "70-79": 0.08688929452955889,
    "80+": 0.053059971885542775,
  },
  "frac": Object {
    "critical": Array [
      0.000025,
      0.00015000000000000001,
      0.00030000000000000003,
      0.0006749999999999999,
      0.0024000000000000002,
      0.00625,
      0.02625,
      0.063,
      0.1375,
    ],
    "fatal": Array [
      0.0000075,
      0.000045,
      0.00009,
      0.00020249999999999996,
      0.00072,
      0.0025000000000000005,
      0.0105,
      0.0315,
      0.06875,
    ],
    "isolated": Array [
      0,
      0,
      0,
      0,
      0,
      0,
      0,
      0,
      0,
    ],
    "severe": Array [
      0.0005,
      0.0015,
      0.003,
      0.0045,
      0.012,
      0.025,
      0.075,
      0.13999999999999999,
      0.25,
    ],
  },
  "hospitalBeds": 698,
  "importsPerDay": Array [
    0.011111111111111112,
    0.011111111111111112,
    0.011111111111111112,
    0.011111111111111112,
    0.011111111111111112,
    0.011111111111111112,
    0.011111111111111112,
    0.011111111111111112,
    0.011111111111111112,
  ],
  "numberStochasticRuns": 0,
  "populationServed": 195000,
  "rate": Object {
    "critical": Array [
      0.0125,
      0.025,
      0.025,
      0.0375,
      0.05,
      0.0625,
      0.0875,
      0.1125,
      0.1375,
    ],
    "discharge": Array [
      0.2375,
      0.225,
      0.225,
      0.2125,
      0.2,
      0.1875,
      0.1625,
      0.1375,
      0.11249999999999999,
    ],
    "fatality": Array [
      0.02142857142857143,
      0.02142857142857143,
      0.02142857142857143,
      0.02142857142857143,
      0.02142857142857143,
      0.028571428571428574,
      0.028571428571428574,
      0.03571428571428571,
      0.03571428571428571,
    ],
    "infection": [Function],
    "latency": 0.2,
    "overflowFatality": Array [
      0.04285714285714286,
      0.04285714285714286,
      0.04285714285714286,
      0.04285714285714286,
      0.04285714285714286,
      0.05714285714285715,
      0.05714285714285715,
      0.07142857142857142,
      0.07142857142857142,
    ],
    "recovery": Array [
      0.33316666666666667,
      0.33283333333333337,
      0.3323333333333333,
      0.33183333333333337,
      0.3293333333333333,
      0.325,
      0.30833333333333335,
      0.2866666666666667,
      0.25,
    ],
    "severe": Array [
      0.00016666666666666666,
      0.0005,
      0.001,
      0.0014999999999999998,
      0.004,
      0.008333333333333333,
      0.024999999999999998,
      0.04666666666666666,
      0.08333333333333333,
    ],
    "stabilize": Array [
      0.049999999999999996,
      0.049999999999999996,
      0.049999999999999996,
      0.049999999999999996,
      0.049999999999999996,
      0.04285714285714286,
      0.04285714285714286,
      0.03571428571428571,
      0.03571428571428571,
    ],
  },
  "timeDelta": 0,
  "timeDeltaDays": 0,
}
`;

exports[`model getPopulationParams calculates infection rates for 2021-02-01T00:00:00.000Z 1`] = `
Object {
  "ICUBeds": 80,
  "ageDistribution": Object {
    "0-9": 0.10225114395521838,
    "10-19": 0.0964647560575147,
    "20-29": 0.12013546056661978,
    "30-39": 0.14087582334618426,
    "40-49": 0.13479387083572222,
    "50-59": 0.15259164409491252,
    "60-69": 0.11293803472872646,
    "70-79": 0.08688929452955889,
    "80+": 0.053059971885542775,
  },
  "frac": Object {
    "critical": Array [
      0.000025,
      0.00015000000000000001,
      0.00030000000000000003,
      0.0006749999999999999,
      0.0024000000000000002,
      0.00625,
      0.02625,
      0.063,
      0.1375,
    ],
    "fatal": Array [
      0.0000075,
      0.000045,
      0.00009,
      0.00020249999999999996,
      0.00072,
      0.0025000000000000005,
      0.0105,
      0.0315,
      0.06875,
    ],
    "isolated": Array [
      0,
      0,
      0,
      0,
      0,
      0,
      0,
      0,
      0,
    ],
    "severe": Array [
      0.0005,
      0.0015,
      0.003,
      0.0045,
      0.012,
      0.025,
      0.075,
      0.13999999999999999,
      0.25,
    ],
  },
  "hospitalBeds": 698,
  "importsPerDay": Array [
    0.011111111111111112,
    0.011111111111111112,
    0.011111111111111112,
    0.011111111111111112,
    0.011111111111111112,
    0.011111111111111112,
    0.011111111111111112,
    0.011111111111111112,
    0.011111111111111112,
  ],
  "numberStochasticRuns": 0,
  "populationServed": 195000,
  "rate": Object {
    "critical": Array [
      0.0125,
      0.025,
      0.025,
      0.0375,
      0.05,
      0.0625,
      0.0875,
      0.1125,
      0.1375,
    ],
    "discharge": Array [
      0.2375,
      0.225,
      0.225,
      0.2125,
      0.2,
      0.1875,
      0.1625,
      0.1375,
      0.11249999999999999,
    ],
    "fatality": Array [
      0.02142857142857143,
      0.02142857142857143,
      0.02142857142857143,
      0.02142857142857143,
      0.02142857142857143,
      0.028571428571428574,
      0.028571428571428574,
      0.03571428571428571,
      0.03571428571428571,
    ],
    "infection": [Function],
    "latency": 0.2,
    "overflowFatality": Array [
      0.04285714285714286,
      0.04285714285714286,
      0.04285714285714286,
      0.04285714285714286,
      0.04285714285714286,
      0.05714285714285715,
      0.05714285714285715,
      0.07142857142857142,
      0.07142857142857142,
    ],
    "recovery": Array [
      0.33316666666666667,
      0.33283333333333337,
      0.3323333333333333,
      0.33183333333333337,
      0.3293333333333333,
      0.325,
      0.30833333333333335,
      0.2866666666666667,
      0.25,
    ],
    "severe": Array [
      0.00016666666666666666,
      0.0005,
      0.001,
      0.0014999999999999998,
      0.004,
      0.008333333333333333,
      0.024999999999999998,
      0.04666666666666666,
      0.08333333333333333,
    ],
    "stabilize": Array [
      0.049999999999999996,
      0.049999999999999996,
      0.049999999999999996,
      0.049999999999999996,
      0.049999999999999996,
      0.04285714285714286,
      0.04285714285714286,
      0.03571428571428571,
      0.03571428571428571,
    ],
  },
  "timeDelta": 0,
  "timeDeltaDays": 0,
}
`;

exports[`model initializePopulation produces the expected output in the default scenario 1`] = `
Object {
  "critical": Array [
    0,
    0,
    0,
    0,
    0,
    0,
    0,
    0,
    0,
  ],
  "exposed": Array [
    Array [
      0,
      0,
      0,
    ],
    Array [
      0,
      0,
      0,
    ],
    Array [
      0,
      0,
      0,
    ],
    Array [
      0,
      0,
      0,
    ],
    Array [
      0,
      0,
      0,
    ],
    Array [
      49.699999999999996,
      49.699999999999996,
      49.699999999999996,
    ],
    Array [
      0,
      0,
      0,
    ],
    Array [
      0,
      0,
      0,
    ],
    Array [
      0,
      0,
      0,
    ],
  ],
  "infectious": Array [
    0,
    0,
    0,
    0,
    0,
    63.9,
    0,
    0,
    0,
  ],
  "overflow": Array [
    0,
    0,
    0,
    0,
    0,
    0,
    0,
    0,
    0,
  ],
  "severe": Array [
    0,
    0,
    0,
    0,
    0,
    0,
    0,
    0,
    0,
  ],
  "susceptible": Array [
    19939,
    18811,
    23426,
    27471,
    26285,
    29542,
    22023,
    16943,
    10347,
  ],
}
`;
